[    0.000000] Initializing cgroup subsys cpuset
[    0.000000] Initializing cgroup subsys cpu
[    0.000000] Initializing cgroup subsys cpuacct
[    0.000000] Linux version 4.4.0-139-generic (buildd@lcy01-amd64-006) (gcc version 5.4.0 20160609 (Ubuntu 5.4.0-6ubuntu1~16.04.10) ) #165-Ubuntu SMP Wed Oct 24 10:58:50 UTC 2018 (Ubuntu 4.4.0-139.165-generic 4.4.160)
[    0.000000] Command line: BOOT_IMAGE=/boot/vmlinuz-4.4.0-139-generic root=LABEL=cloudimg-rootfs ro console=tty1 console=ttyS0
[    0.000000] KERNEL supported cpus:
[    0.000000]   Intel GenuineIntel
[    0.000000]   AMD AuthenticAMD
[    0.000000]   Centaur CentaurHauls
[    0.000000] x86/fpu: xstate_offset[2]:  576, xstate_sizes[2]:  256
[    0.000000] x86/fpu: Supporting XSAVE feature 0x01: 'x87 floating point registers'
[    0.000000] x86/fpu: Supporting XSAVE feature 0x02: 'SSE registers'
[    0.000000] x86/fpu: Supporting XSAVE feature 0x04: 'AVX registers'
[    0.000000] x86/fpu: Enabled xstate features 0x7, context size is 832 bytes, using 'standard' format.
[    0.000000] e820: BIOS-provided physical RAM map:
[    0.000000] BIOS-e820: [mem 0x0000000000000000-0x000000000009fbff] usable
[    0.000000] BIOS-e820: [mem 0x000000000009fc00-0x000000000009ffff] reserved
[    0.000000] BIOS-e820: [mem 0x00000000000f0000-0x00000000000fffff] reserved
[    0.000000] BIOS-e820: [mem 0x0000000000100000-0x000000000ffeffff] usable
[    0.000000] BIOS-e820: [mem 0x000000000fff0000-0x000000000fffffff] ACPI data
[    0.000000] BIOS-e820: [mem 0x00000000fec00000-0x00000000fec00fff] reserved
[    0.000000] BIOS-e820: [mem 0x00000000fee00000-0x00000000fee00fff] reserved
[    0.000000] BIOS-e820: [mem 0x00000000fffc0000-0x00000000ffffffff] reserved
[    0.000000] NX (Execute Disable) protection: active
[    0.000000] SMBIOS 2.5 present.
[    0.000000] Hypervisor detected: KVM
[    0.000000] e820: last_pfn = 0xfff0 max_arch_pfn = 0x400000000
[    0.000000] MTRR: Disabled
[    0.000000] x86/PAT: MTRRs disabled, skipping PAT initialization too.
[    0.000000] CPU MTRRs all blank - virtualized system.
[    0.000000] x86/PAT: Configuration [0-7]: WB  WT  UC- UC  WB  WT  UC- UC  
[    0.000000] found SMP MP-table at [mem 0x0009fff0-0x0009ffff] mapped at [ffff88000009fff0]
[    0.000000] Scanning 1 areas for low memory corruption
[    0.000000] RAMDISK: [mem 0x0e8cf000-0x0f741fff]
[    0.000000] ACPI: Early table checksum verification disabled
[    0.000000] ACPI: RSDP 0x00000000000E0000 000024 (v02 VBOX  )
[    0.000000] ACPI: XSDT 0x000000000FFF0030 00003C (v01 VBOX   VBOXXSDT 00000001 ASL  00000061)
[    0.000000] ACPI: FACP 0x000000000FFF00F0 0000F4 (v04 VBOX   VBOXFACP 00000001 ASL  00000061)
[    0.000000] ACPI: DSDT 0x000000000FFF0470 0021FF (v02 VBOX   VBOXBIOS 00000002 INTL 20100528)
[    0.000000] ACPI: FACS 0x000000000FFF0200 000040
[    0.000000] ACPI: FACS 0x000000000FFF0200 000040
[    0.000000] ACPI: APIC 0x000000000FFF0240 000054 (v02 VBOX   VBOXAPIC 00000001 ASL  00000061)
[    0.000000] ACPI: SSDT 0x000000000FFF02A0 0001CC (v01 VBOX   VBOXCPUT 00000002 INTL 20100528)
[    0.000000] No NUMA configuration found
[    0.000000] Faking a node at [mem 0x0000000000000000-0x000000000ffeffff]
[    0.000000] NODE_DATA(0) allocated [mem 0x0ffeb000-0x0ffeffff]
[    0.000000] kvm-clock: Using msrs 4b564d01 and 4b564d00
[    0.000000] kvm-clock: cpu 0, msr 0:ffe3001, primary cpu clock
[    0.000000] kvm-clock: using sched offset of 3707536739 cycles
[    0.000000] clocksource: kvm-clock: mask: 0xffffffffffffffff max_cycles: 0x1cd42e4dffb, max_idle_ns: 881590591483 ns
[    0.000000] Zone ranges:
[    0.000000]   DMA      [mem 0x0000000000001000-0x0000000000ffffff]
[    0.000000]   DMA32    [mem 0x0000000001000000-0x000000000ffeffff]
[    0.000000]   Normal   empty
[    0.000000]   Device   empty
[    0.000000] Movable zone start for each node
[    0.000000] Early memory node ranges
[    0.000000]   node   0: [mem 0x0000000000001000-0x000000000009efff]
[    0.000000]   node   0: [mem 0x0000000000100000-0x000000000ffeffff]
[    0.000000] Initmem setup node 0 [mem 0x0000000000001000-0x000000000ffeffff]
[    0.000000] ACPI: PM-Timer IO Port: 0x4008
[    0.000000] IOAPIC[0]: apic_id 1, version 32, address 0xfec00000, GSI 0-23
[    0.000000] ACPI: INT_SRC_OVR (bus 0 bus_irq 0 global_irq 2 dfl dfl)
[    0.000000] ACPI: INT_SRC_OVR (bus 0 bus_irq 9 global_irq 9 low level)
[    0.000000] Using ACPI (MADT) for SMP configuration information
[    0.000000] smpboot: Allowing 1 CPUs, 0 hotplug CPUs
[    0.000000] PM: Registered nosave memory: [mem 0x00000000-0x00000fff]
[    0.000000] PM: Registered nosave memory: [mem 0x0009f000-0x0009ffff]
[    0.000000] PM: Registered nosave memory: [mem 0x000a0000-0x000effff]
[    0.000000] PM: Registered nosave memory: [mem 0x000f0000-0x000fffff]
[    0.000000] e820: [mem 0x10000000-0xfebfffff] available for PCI devices
[    0.000000] Booting paravirtualized kernel on KVM
[    0.000000] clocksource: refined-jiffies: mask: 0xffffffff max_cycles: 0xffffffff, max_idle_ns: 7645519600211568 ns
[    0.000000] setup_percpu: NR_CPUS:512 nr_cpumask_bits:512 nr_cpu_ids:1 nr_node_ids:1
[    0.000000] PERCPU: Embedded 34 pages/cpu @ffff88000fc00000 s99608 r8192 d31464 u2097152
[    0.000000] PV qspinlock hash table entries: 256 (order: 0, 4096 bytes)
[    0.000000] Built 1 zonelists in Node order, mobility grouping on.  Total pages: 64376
[    0.000000] Policy zone: DMA32
[    0.000000] Kernel command line: BOOT_IMAGE=/boot/vmlinuz-4.4.0-139-generic root=LABEL=cloudimg-rootfs ro console=tty1 console=ttyS0
[    0.000000] PID hash table entries: 1024 (order: 1, 8192 bytes)
[    0.000000] Memory: 223724K/261688K available (8564K kernel code, 1314K rwdata, 4004K rodata, 1528K init, 1316K bss, 37964K reserved, 0K cma-reserved)
[    0.000000] SLUB: HWalign=64, Order=0-3, MinObjects=0, CPUs=1, Nodes=1
[    0.000000] Kernel/User page tables isolation: enabled
[    0.000000] Hierarchical RCU implementation.
[    0.000000] 	Build-time adjustment of leaf fanout to 64.
[    0.000000] 	RCU restricting CPUs from NR_CPUS=512 to nr_cpu_ids=1.
[    0.000000] RCU: Adjusting geometry for rcu_fanout_leaf=64, nr_cpu_ids=1
[    0.000000] NR_IRQS:33024 nr_irqs:256 16
[    0.000000] Console: colour VGA+ 80x25
[    0.000000] console [tty1] enabled
[    0.000000] console [ttyS0] enabled
[    0.000000] tsc: Detected 2194.918 MHz processor
[    0.996769] Calibrating delay loop (skipped) preset value.. 4389.83 BogoMIPS (lpj=8779672)
[    1.003357] pid_max: default: 32768 minimum: 301
[    1.012359] ACPI: Core revision 20150930
[    1.019972] ACPI: 2 ACPI AML tables successfully acquired and loaded
[    1.032510] Security Framework initialized
[    1.034332] Yama: becoming mindful.
[    1.035935] AppArmor: AppArmor initialized
[    1.037408] Dentry cache hash table entries: 32768 (order: 6, 262144 bytes)
[    1.040711] Inode-cache hash table entries: 16384 (order: 5, 131072 bytes)
[    1.043056] Mount-cache hash table entries: 512 (order: 0, 4096 bytes)
[    1.045608] Mountpoint-cache hash table entries: 512 (order: 0, 4096 bytes)
[    1.048217] Initializing cgroup subsys io
[    1.049539] Initializing cgroup subsys memory
[    1.051070] Initializing cgroup subsys devices
[    1.052571] Initializing cgroup subsys freezer
[    1.053989] Initializing cgroup subsys net_cls
[    1.057065] Initializing cgroup subsys perf_event
[    1.059494] Initializing cgroup subsys net_prio
[    1.061926] Initializing cgroup subsys hugetlb
[    1.066224] Initializing cgroup subsys pids
[    1.072173] mce: CPU supports 0 MCE banks
[    1.075827] process: using mwait in idle threads
[    1.078333] Last level iTLB entries: 4KB 1024, 2MB 1024, 4MB 1024
[    1.081402] Last level dTLB entries: 4KB 1024, 2MB 1024, 4MB 1024, 1GB 4
[    1.086693] Spectre V2 : Mitigation: Full generic retpoline
[    1.093009] Spectre V2 : Spectre v2 mitigation: Speculation control IBPB not-supported IBRS not-supported
[    1.096005] Spectre V2 : Spectre v2 / SpectreRSB mitigation: Filling RSB on context switch
[    1.099553] Speculative Store Bypass: Vulnerable
[    1.124035] Freeing SMP alternatives memory: 32K
[    1.134913] ftrace: allocating 32278 entries in 127 pages
[    1.197493] smpboot: APIC(0) Converting physical 0 to logical package 0
[    1.206002] smpboot: Max logical packages: 1
[    1.211826] x2apic enabled
[    1.212804] Switched APIC routing to physical x2apic.
[    1.231840] ..TIMER: vector=0x30 apic1=0 pin1=2 apic2=-1 pin2=-1
[    1.349964] smpboot: CPU0: Intel(R) Core(TM) i7-4770HQ CPU @ 2.20GHz (family: 0x6, model: 0x46, stepping: 0x1)
[    1.370981] Performance Events: unsupported p6 CPU model 70 no PMU driver, software events only.
[    1.405347] KVM setup paravirtual spinlock
[    1.409464] x86: Booted up 1 node, 1 CPUs
[    1.412121] smpboot: Total of 1 processors activated (4389.83 BogoMIPS)
[    1.420267] devtmpfs: initialized
[    1.424325] evm: security.selinux
[    1.425507] evm: security.SMACK64
[    1.426701] evm: security.SMACK64EXEC
[    1.429157] evm: security.SMACK64TRANSMUTE
[    1.435280] evm: security.SMACK64MMAP
[    1.436482] evm: security.ima
[    1.441806] evm: security.capability
[    1.450964] clocksource: jiffies: mask: 0xffffffff max_cycles: 0xffffffff, max_idle_ns: 7645041785100000 ns
[    1.472792] futex hash table entries: 256 (order: 2, 16384 bytes)
[    1.483438] pinctrl core: initialized pinctrl subsystem
[    1.491224] RTC time: 19:30:21, date: 11/26/18
[    1.498581] NET: Registered protocol family 16
[    1.504133] cpuidle: using governor ladder
[    1.509379] cpuidle: using governor menu
[    1.515068] PCCT header not found.
[    1.531461] ACPI: bus type PCI registered
[    1.536279] acpiphp: ACPI Hot Plug PCI Controller Driver version: 0.5
[    1.542562] PCI: Using configuration type 1 for base access
[    1.559286] ACPI: Added _OSI(Module Device)
[    1.561838] ACPI: Added _OSI(Processor Device)
[    1.563919] ACPI: Added _OSI(3.0 _SCP Extensions)
[    1.585333] ACPI: Added _OSI(Processor Aggregator Device)
[    1.597600] ACPI: Executed 1 blocks of module-level executable AML code
[    1.607915] ACPI: Interpreter enabled
[    1.612457] ACPI: (supports S0 S5)
[    1.621160] ACPI: Using IOAPIC for interrupt routing
[    1.632564] PCI: Using host bridge windows from ACPI; if necessary, use "pci=nocrs" and report a bug
[    1.639679] ACPI: PCI Root Bridge [PCI0] (domain 0000 [bus 00-ff])
[    1.661453] acpi PNP0A03:00: _OSC: OS supports [ASPM ClockPM Segments MSI]
[    1.673365] acpi PNP0A03:00: _OSC: not requesting OS control; OS requires [ExtendedConfig ASPM ClockPM MSI]
[    1.675791] acpi PNP0A03:00: fail to add MMCONFIG information, can't access extended PCI configuration space under this bridge.
[    1.693937] PCI host bridge to bus 0000:00
[    1.700964] pci_bus 0000:00: root bus resource [io  0x0000-0x0cf7 window]
[    1.715531] pci_bus 0000:00: root bus resource [io  0x0d00-0xffff window]
[    1.736526] pci_bus 0000:00: root bus resource [mem 0x000a0000-0x000bffff window]
[    1.756266] pci_bus 0000:00: root bus resource [mem 0x10000000-0xfdffffff window]
[    1.760824] pci_bus 0000:00: root bus resource [bus 00-ff]
[    1.766846] pci 0000:00:01.1: legacy IDE quirk: reg 0x10: [io  0x01f0-0x01f7]
[    1.787032] pci 0000:00:01.1: legacy IDE quirk: reg 0x14: [io  0x03f6]
[    1.794475] pci 0000:00:01.1: legacy IDE quirk: reg 0x18: [io  0x0170-0x0177]
[    1.809598] pci 0000:00:01.1: legacy IDE quirk: reg 0x1c: [io  0x0376]
[    1.834914] pci 0000:00:07.0: quirk: [io  0x4000-0x403f] claimed by PIIX4 ACPI
[    1.861816] pci 0000:00:07.0: quirk: [io  0x4100-0x410f] claimed by PIIX4 SMB
[    1.887748] ACPI: PCI Interrupt Link [LNKA] (IRQs 5 9 10 *11)
[    1.922276] ACPI: PCI Interrupt Link [LNKB] (IRQs 5 9 *10 11)
[    1.930503] ACPI: PCI Interrupt Link [LNKC] (IRQs 5 *9 10 11)
[    1.947715] ACPI: PCI Interrupt Link [LNKD] (IRQs 5 9 10 *11)
[    1.971469] ACPI: Enabled 2 GPEs in block 00 to 07
[    1.996515] vgaarb: setting as boot device: PCI:0000:00:02.0
[    2.013386] vgaarb: device added: PCI:0000:00:02.0,decodes=io+mem,owns=io+mem,locks=none
[    2.032290] vgaarb: loaded
[    2.043790] vgaarb: bridge control possible 0000:00:02.0
[    2.058141] SCSI subsystem initialized
[    2.068664] ACPI: bus type USB registered
[    2.078247] usbcore: registered new interface driver usbfs
[    2.079659] usbcore: registered new interface driver hub
[    2.081383] usbcore: registered new device driver usb
[    2.082806] PCI: Using ACPI for IRQ routing
[    2.084576] NetLabel: Initializing
[    2.087174] NetLabel:  domain hash size = 128
[    2.088341] NetLabel:  protocols = UNLABELED CIPSOv4
[    2.108316] NetLabel:  unlabeled traffic allowed by default
[    2.130010] amd_nb: Cannot enumerate AMD northbridges
[    2.135632] clocksource: Switched to clocksource kvm-clock
[    2.161057] AppArmor: AppArmor Filesystem Enabled
[    2.164264] pnp: PnP ACPI init
[    2.167938] pnp: PnP ACPI: found 3 devices
[    2.175092] clocksource: acpi_pm: mask: 0xffffff max_cycles: 0xffffff, max_idle_ns: 2085701024 ns
[    2.179956] NET: Registered protocol family 2
[    2.182084] TCP established hash table entries: 2048 (order: 2, 16384 bytes)
[    2.185902] TCP bind hash table entries: 2048 (order: 3, 32768 bytes)
[    2.189489] TCP: Hash tables configured (established 2048 bind 2048)
[    2.191843] UDP hash table entries: 256 (order: 1, 8192 bytes)
[    2.194017] UDP-Lite hash table entries: 256 (order: 1, 8192 bytes)
[    2.196873] NET: Registered protocol family 1
[    2.200084] pci 0000:00:00.0: Limiting direct PCI/PCI transfers
[    2.206425] pci 0000:00:01.0: Activating ISA DMA hang workarounds
[    2.211039] Unpacking initramfs...
[    2.436886] Freeing initrd memory: 14796K
[    2.439727] platform rtc_cmos: registered platform RTC device (no PNP device found)
[    2.468111] Scanning for low memory corruption every 60 seconds
[    2.481341] audit: initializing netlink subsys (disabled)
[    2.514442] audit: type=2000 audit(1543260625.497:1): initialized
[    2.541117] Initialise system trusted keyring
[    2.558555] HugeTLB registered 2 MB page size, pre-allocated 0 pages
[    2.581099] zbud: loaded
[    2.582385] VFS: Disk quotas dquot_6.6.0
[    2.583441] VFS: Dquot-cache hash table entries: 512 (order 0, 4096 bytes)
[    2.608895] squashfs: version 4.0 (2009/01/31) Phillip Lougher
[    2.622269] fuse init (API version 7.23)
[    2.658203] Key type big_key registered
[    2.664445] Allocating IMA MOK and blacklist keyrings.
[    2.682055] Key type asymmetric registered
[    2.688477] Asymmetric key parser 'x509' registered
[    2.716202] Block layer SCSI generic (bsg) driver version 0.4 loaded (major 249)
[    2.731750] io scheduler noop registered
[    2.742078] io scheduler deadline registered (default)
[    2.755631] io scheduler cfq registered
[    2.758865] pci_hotplug: PCI Hot Plug PCI Core version: 0.5
[    2.782894] pciehp: PCI Express Hot Plug Controller Driver version: 0.4
[    2.802781] ACPI: AC Adapter [AC] (on-line)
[    2.817957] input: Power Button as /devices/LNXSYSTM:00/LNXPWRBN:00/input/input0
[    2.858495] ACPI: Power Button [PWRF]
[    2.863218] input: Sleep Button as /devices/LNXSYSTM:00/LNXSLPBN:00/input/input1
[    2.876024] ACPI: Sleep Button [SLPF]
[    2.898944] ACPI: Battery Slot [BAT0] (battery present)
[    2.920918] GHES: HEST is not enabled!
[    2.932225] Serial: 8250/16550 driver, 32 ports, IRQ sharing enabled
ÿ[    2.995000] 00:02: ttyS0 at I/O 0x3f8 (irq = 4, base_baud = 115200) is a 16550A
[    3.021649] Linux agpgart interface v0.103
[    3.039869] loop: module loaded
[    3.048883] scsi host0: ata_piix
[    3.065670] scsi host1: ata_piix
[    3.072499] ata1: PATA max UDMA/33 cmd 0x1f0 ctl 0x3f6 bmdma 0xd000 irq 14
[    3.085321] ata2: PATA max UDMA/33 cmd 0x170 ctl 0x376 bmdma 0xd008 irq 15
[    3.092986] libphy: Fixed MDIO Bus: probed
[    3.100916] tun: Universal TUN/TAP device driver, 1.6
[    3.130810] tun: (C) 1999-2004 Max Krasnyansky <maxk@qualcomm.com>
[    3.165060] PPP generic driver version 2.4.2
[    3.176476] ehci_hcd: USB 2.0 'Enhanced' Host Controller (EHCI) Driver
[    3.186868] ehci-pci: EHCI PCI platform driver
[    3.198027] ehci-platform: EHCI generic platform driver
[    3.210962] ohci_hcd: USB 1.1 'Open' Host Controller (OHCI) Driver
[    3.233133] ohci-pci: OHCI PCI platform driver
[    3.246988] ohci-platform: OHCI generic platform driver
[    3.265296] uhci_hcd: USB Universal Host Controller Interface driver
[    3.286919] i8042: PNP: PS/2 Controller [PNP0303:PS2K,PNP0f03:PS2M] at 0x60,0x64 irq 1,12
[    3.315853] serio: i8042 KBD port at 0x60,0x64 irq 1
[    3.320381] serio: i8042 AUX port at 0x60,0x64 irq 12
[    3.322218] mousedev: PS/2 mouse device common for all mice
[    3.325081] input: AT Translated Set 2 keyboard as /devices/platform/i8042/serio0/input/input2
[    3.328765] rtc_cmos rtc_cmos: rtc core: registered rtc_cmos as rtc0
[    3.331271] rtc_cmos rtc_cmos: alarms up to one day, 114 bytes nvram
[    3.334993] i2c /dev entries driver
[    3.336167] device-mapper: uevent: version 1.0.3
[    3.337697] device-mapper: ioctl: 4.34.0-ioctl (2015-10-28) initialised: dm-devel@redhat.com
[    3.340440] ledtrig-cpu: registered to indicate activity on CPUs
[    3.342602] NET: Registered protocol family 10
[    3.344276] NET: Registered protocol family 17
[    3.345690] Key type dns_resolver registered
[    3.347220] registered taskstats version 1
[    3.348822] Loading compiled-in X.509 certificates
[    3.351296] Loaded X.509 cert 'Build time autogenerated kernel key: a88b0f663ecfd40e6a501dee2f0b211d51902e35'
[    3.354334] zswap: loaded using pool lzo/zbud
[    3.357346] Key type trusted registered
[    3.361475] Key type encrypted registered
[    3.362974] AppArmor: AppArmor sha1 policy hashing enabled
[    3.366074] ima: No TPM chip found, activating TPM-bypass!
[    3.367969] ima: Allocated hash algorithm: sha1
[    3.369353] evm: HMAC attrs: 0x1
[    3.370896]   Magic number: 10:479:547
[    3.372318] tty ttyS23: hash matches
[    3.373753] rtc_cmos rtc_cmos: setting system clock to 2018-11-26 19:30:23 UTC (1543260623)
[    3.376316] BIOS EDD facility v0.16 2004-Jun-25, 0 devices found
[    3.378242] EDD information not available.
[    3.381314] Freeing unused kernel memory: 1528K
[    3.391692] Write protecting the kernel read-only data: 14336k
[    3.393760] Freeing unused kernel memory: 1664K
[    3.395355] Freeing unused kernel memory: 92K
Loading, please wait...
starting version[    3.409914] random: udevadm: uninitialized urandom read (16 bytes read, 3 bits of entropy available)
 229
[    3.429455] random: systemd-udevd: uninitialized urandom read (16 bytes read, 3 bits of entropy available)
[    3.458839] tsc: Refined TSC clocksource calibration: 2194.287 MHz
[    3.468549] clocksource: tsc: mask: 0xffffffffffffffff max_cycles: 0x1fa11e2129e, max_idle_ns: 440795297832 ns
[    3.508455] random: udevadm: uninitialized urandom read (16 bytes read, 3 bits of entropy available)
[    3.528699] random: systemd-udevd: uninitialized urandom read (16 bytes read, 3 bits of entropy available)
[    3.562638] random: udevadm: uninitialized urandom read (16 bytes read, 3 bits of entropy available)
[    3.597090] random: systemd-udevd: uninitialized urandom read (16 bytes read, 3 bits of entropy available)
[    3.627871] random: systemd-udevd: uninitialized urandom read (16 bytes read, 3 bits of entropy available)
[    3.648183] random: udevadm: uninitialized urandom read (16 bytes read, 3 bits of entropy available)
[    3.682485] random: systemd-udevd: uninitialized urandom read (16 bytes read, 3 bits of entropy available)
[    3.711105] random: udevadm: uninitialized urandom read (16 bytes read, 3 bits of entropy available)
[    3.777004] e1000: Intel(R) PRO/1000 Network Driver - version 7.3.21-k8-NAPI
[    3.792445] e1000: Copyright (c) 1999-2006 Intel Corporation.
[    3.819149] Fusion MPT base driver 3.04.20
[    3.827432] Copyright (c) 1999-2008 LSI Corporation
[    3.879950] AVX2 version of gcm_enc/dec engaged.
[    3.898287] AES CTR mode by8 optimization enabled
[    3.922517] Fusion MPT SPI Host driver 3.04.20
[    3.931934] mptbase: ioc0: Initiating bringup
[    4.003919] ioc0: LSI53C1030 A0: Capabilities={Initiator}
[    4.049435] input: ImExPS/2 Generic Explorer Mouse as /devices/platform/i8042/serio1/input/input4
[    4.229655] scsi host2: ioc0: LSI53C1030 A0, FwRev=00000000h, Ports=1, MaxQ=256, IRQ=20
[    4.361916] scsi 2:0:0:0: Direct-Access     VBOX     HARDDISK         1.0  PQ: 0 ANSI: 5
[    4.369896] scsi target2:0:0: Beginning Domain Validation
[    4.400038] scsi target2:0:0: Domain Validation skipping write tests
[    4.409215] scsi target2:0:0: Ending Domain Validation
[    4.434984] scsi target2:0:0: asynchronous
[    4.492731] scsi 2:0:1:0: Direct-Access     VBOX     HARDDISK         1.0  PQ: 0 ANSI: 5
[    4.504246] scsi target2:0:1: Beginning Domain Validation
[    4.566956] scsi target2:0:1: Domain Validation skipping write tests
[    4.571533] scsi target2:0:1: Ending Domain Validation
[    4.621987] scsi target2:0:1: asynchronous
[    4.780873] sd 2:0:0:0: Attached scsi generic sg0 type 0
[    4.783090] sd 2:0:0:0: [sda] 20971520 512-byte logical blocks: (10.7 GB/10.0 GiB)
[    4.806164] sd 2:0:1:0: Attached scsi generic sg1 type 0
[    4.838263] sd 2:0:1:0: [sdb] 20480 512-byte logical blocks: (10.5 MB/10.0 MiB)
[    4.894267] sd 2:0:0:0: [sda] Write Protect is off
[    4.911499] sd 2:0:1:0: [sdb] Write Protect is off
[    4.940236] sd 2:0:0:0: [sda] Incomplete mode parameter data
[    4.977608] sd 2:0:0:0: [sda] Assuming drive cache: write through
[    4.999646] sd 2:0:1:0: [sdb] Incomplete mode parameter data
[    5.009757] sd 2:0:1:0: [sdb] Assuming drive cache: write through
[    5.025747] e1000 0000:00:03.0 eth0: (PCI:33MHz:32-bit) 02:48:37:b8:a5:68
[    5.048953] e1000 0000:00:03.0 eth0: Intel(R) PRO/1000 Network Connection
[    5.057788] sd 2:0:1:0: [sdb] Attached SCSI disk
[    5.086652]  sda: sda1
[    5.088244] sd 2:0:0:0: [sda] Attached SCSI disk
[    5.474444] e1000 0000:00:08.0 eth1: (PCI:33MHz:32-bit) 08:00:27:28:07:71
[    5.493048] e1000 0000:00:08.0 eth1: Intel(R) PRO/1000 Network Connection
[    5.520893] e1000 0000:00:08.0 enp0s8: renamed from eth1
[    5.551207] e1000 0000:00:03.0 enp0s3: renamed from eth0
Begin: Loading essential drivers ... [    6.859244] md: linear personality registered for level -1
[    6.873028] md: multipath personality registered for level -4
[    6.904605] md: raid0 personality registered for level 0
[    6.921714] md: raid1 personality registered for level 1
[    7.007666] raid6: sse2x1   gen()  9642 MB/s
[    7.105405] raid6: sse2x1   xor()  7591 MB/s
[    7.208436] raid6: sse2x2   gen() 11708 MB/s
[    7.283652] raid6: sse2x2   xor()  8006 MB/s
[    7.363863] raid6: sse2x4   gen() 13793 MB/s
[    7.439696] raid6: sse2x4   xor()  9564 MB/s
[    7.528259] raid6: avx2x1   gen() 18597 MB/s
[    7.607774] raid6: avx2x2   gen() 21162 MB/s
[    7.685334] raid6: avx2x4   gen() 25037 MB/s
[    7.701516] raid6: using algorithm avx2x4 gen() 25037 MB/s
[    7.709623] raid6: using avx2x2 recovery algorithm
[    7.721464] xor: automatically using best checksumming function:
[    7.767676]    avx       : 27145.000 MB/sec
[    7.780003] async_tx: api initialized (async)
[    7.821455] md: raid6 personality registered for level 6
[    7.836535] md: raid5 personality registered for level 5
[    7.846428] md: raid4 personality registered for level 4
[    7.858870] md: raid10 personality registered for level 10
done.
Begin: Running /scripts/init-premount ... done.
Begin: Mounting root file system ... Begin: Running /scripts/local-top ... done.
Begin: Running /scripts/local-premount ... [    7.914812] Btrfs loaded
Scanning for Btrfs filesystems
done.
Warning: fsck not present, so skipping root file system
[    7.950761] EXT4-fs (sda1): mounted filesystem with ordered data mode. Opts: (null)
done.
Begin: Running /scripts/local-bottom ... done.
Begin: Running /scripts/init-bottom ... done.
[    8.033888] systemd[1]: systemd 229 running in system mode. (+PAM +AUDIT +SELINUX +IMA +APPARMOR +SMACK +SYSVINIT +UTMP +LIBCRYPTSETUP +GCRYPT +GNUTLS +ACL +XZ -LZ4 +SECCOMP +BLKID +ELFUTILS +KMOD -IDN)
[    8.040226] systemd[1]: Detected virtualization oracle.
[    8.041587] systemd[1]: Detected architecture x86-64.

Welcome to [1mUbuntu 16.04.5 LTS[0m!

[    8.049960] systemd[1]: Set hostname to <ubuntu>.
[    8.055320] systemd[1]: Initializing machine ID from random generator.
[    8.061546] systemd[1]: Installed transient /etc/machine-id file.
[    8.176864] systemd[1]: Listening on Device-mapper event daemon FIFOs.
[[0;32m  OK  [0m] Listening on Device-mapper event daemon FIFOs.
[    8.182165] systemd[1]: Listening on udev Kernel Socket.
[[0;32m  OK  [0m] Listening on udev Kernel Socket.
[    8.186979] systemd[1]: Reached target Swap.
[[0;32m  OK  [0m] Reached target Swap.
[    8.190085] systemd[1]: Set up automount Arbitrary Executable File Formats File System Automount Point.
[[0;32m  OK  [0m] Set up automount Arbitrary Executab...ats File System Automount Point.
[    8.228526] systemd[1]: Listening on LVM2 poll daemon socket.
[[0;32m  OK  [0m] Listening on LVM2 poll daemon socket.
[    8.256514] systemd[1]: Reached target User and Group Name Lookups.
[[0;32m  OK  [0m] Reached target User and Group Name Lookups.
[    8.284497] systemd[1]: Listening on Journal Audit Socket.
[[0;32m  OK  [0m] Listening on Journal Audit Socket.
[    8.307694] systemd[1]: Listening on Syslog Socket.
[[0;32m  OK  [0m] Listening on Syslog Socket.
[    8.324667] systemd[1]: Listening on /dev/initctl Compatibility Named Pipe.
[[0;32m  OK  [0m] Listening on /dev/initctl Compatibility Named Pipe.
[    8.365356] systemd[1]: Created slice System Slice.
[[0;32m  OK  [0m] Created slice System Slice.
[    8.384727] systemd[1]: Created slice system-serial\x2dgetty.slice.
[[0;32m  OK  [0m] Created slice system-serial\x2dgetty.slice.
[    8.420051] systemd[1]: Reached target Encrypted Volumes.
[[0;32m  OK  [0m] Reached target Encrypted Volumes.
[    8.429368] systemd[1]: Started Trigger resolvconf update for networkd DNS.
[[0;32m  OK  [0m] Started Trigger resolvconf update for networkd DNS.
[    8.472233] systemd[1]: Reached target System Time Synchronized.
[[0;32m  OK  [0m] Reached target System Time Synchronized.
[    8.500472] systemd[1]: Listening on udev Control Socket.
[[0;32m  OK  [0m] Listening on udev Control Socket.
[    8.520151] systemd[1]: Listening on Journal Socket (/dev/log).
[[0;32m  OK  [0m] Listening on Journal Socket (/dev/log).
[    8.560423] systemd[1]: Started Forward Password Requests to Wall Directory Watch.
[[0;32m  OK  [0m] Started Forward Password Requests to Wall Directory Watch.
[    8.604016] systemd[1]: Listening on Journal Socket.
[[0;32m  OK  [0m] Listening on Journal Socket.
[    8.629646] systemd[1]: Starting Nameserver information manager...
         Starting Nameserver information manager...
[    8.653299] systemd[1]: Mounting Debug File System...
         Mounting Debug File System...
[    8.685290] systemd[1]: Starting Remount Root and Kernel File Systems...
         [    8.705082] EXT4-fs (sda1): re-mounted. Opts: (null)
Starting Remount Root and Kernel File Systems...
[    8.735162] systemd[1]: Starting Create list of required static device nodes for the current kernel...
         Starting Create list of required st... nodes for the current kernel...
[    8.774653] systemd[1]: Starting Load Kernel Modules...
         Starting Load Ke[    8.796597] Loading iSCSI transport class v2.0-870.
rnel Modules...
[    8.817657] systemd[1]: Starting Set console keymap...
         Starting Set console keymap...
[    8.840967] systemd[1]: Mounting POSIX Message Queue File System...
[    8.847888] iscsi: registered transport (tcp)
         Mounting POSIX Message Queue File System...
[    8.868647] systemd[1]: Starting Uncomplicated firewall...
         Starting Uncomplicated firewall...
[    8.900427] systemd[1]: Mounting Huge Pages File System...
         Mounting Huge Pages File System.[    8.932927] iscsi: registered transport (iser)
..
[    8.957147] systemd[1]: Starting Journal Service...
         Starting Journal Service...
[    8.977019] systemd[1]: Listening on LVM2 metadata daemon socket.
[[0;32m  OK  [0m] Listening on LVM2 metadata daemon socket.
[    8.994027] systemd[1]: Starting Monitoring of LVM2 mirrors, snapshots etc. using dmeventd or progress polling...
         Starting Monitoring of LVM2 mirrors... dmeventd or progress polling...
[    9.005502] systemd[1]: Created slice User and Session Slice.
[[0;32m  OK  [0m] Created slice User and Session Slice.
[    9.028987] systemd[1]: Reached target Slices.
[[0;32m  OK  [0m] Reached target Slices.
[    9.038477] systemd[1]: Mounted POSIX Message Queue File System.
[[0;32m  OK  [0m] Mounted POSIX Message Queue File System.
[    9.067979] systemd[1]: Mounted Debug File System.
[[0;32m  OK  [0m] Mounted Debug File System.
[    9.076436] systemd[1]: Mounted Huge Pages File System.
[[0;32m  OK  [0m] Mounted Huge Pages File System.
[    9.081411] systemd[1]: Started Journal Service.
[[0;32m  OK  [0m] Started Journal Service.
[[0;32m  OK  [0m] Started Remount Root and Kernel File Systems.
[[0;32m  OK  [0m] Started Create list of required sta...ce nodes for the current kernel.
[[0;32m  OK  [0m] Started Load Kernel Modules.
[[0;32m  OK  [0m] Started Set console keymap.
[[0;32m  OK  [0m] Started Uncomplicated firewall.
[[0;32m  OK  [0m] Started Nameserver information manager.
[[0;32m  OK  [0m] Started LVM2 metadata daemon.
         Mounting FUSE Control File System...
         Starting Apply Kernel Variables.[    9.236974] random: nonblocking pool is initialized
..
         Starting Create Static Device Nodes in /dev...
         Starting Load/Save Random Seed...
         Starting udev Coldplug all Devices...
         Starting Flush Journal to Persistent Storage...
[[0;32m  OK  [0m] Mounted FUSE Control File System.
[[0;32m  OK  [0m] Started Apply Kernel Variables.
[[0;32m  OK  [0m] Started Create Static Device Nodes in /dev.
[[0;32m  OK  [0m] Started Load/Save Random Seed.
[[0;32m  OK  [0m] Started udev Coldplug all Devices.
[[0;32m  OK  [0m] Started Flush Journal to Persistent Storage.
[[0;32m  OK  [0m] Started Monitoring of LVM2 mirrors,...ng dmeventd or progress polling.
         Starting udev Kernel Device Manager...
[[0;32m  OK  [0m] Reached target Local File Systems (Pre).
[[0;32m  OK  [0m] Reached target Local File Systems.
         Starting LSB: AppArmor initialization...
         Starting Create Volatile Files and Directories...
         Starting Tell Plymouth To Write Out Runtime Data...
         Starting Commit a transient machine-id on disk...
         Starting Initial cloud-init job (pre-networking)...
         Starting Set console font and keymap...
[[0;32m  OK  [0m] Started udev Kernel Device Manager.
[[0;32m  OK  [0m] Started Create Volatile Files and Directories.
[[0;32m  OK  [0m] Started Tell Plymouth To Write Out Runtime Data.
[[0;32m  OK  [0m] Started Commit a transient machine-id on disk.
         Starting Update UTMP about System Boot/Shutdown...
[[0;32m  OK  [0m] Started Dispatch Password Requests to Console Directory Watch.
[[0;32m  OK  [0m] Started Update UTMP about System Boot/Shutdown.
[[0;32m  OK  [0m] Found device /dev/ttyS0.
[[0;32m  OK  [0m] Listening on Load/Save RF Kill Switch Status /dev/rfkill Watch.
[   11.092355] cloud-init[494]: Cloud-init v. 18.4-0ubuntu1~16.04.2 running 'init-local' at Mon, 26 Nov 2018 19:30:32 +0000. Up 10.29 seconds.
[[0;32m  OK  [0m] Started Initial cloud-init job (pre-networking).
[[0;32m  OK  [0m] Started LSB: AppArmor initialization.
[[0;32m  OK  [0m] Reached target Network (Pre).
         Starting Raise network interfaces...
[[0;32m  OK  [0m] Started Set console font and keymap.
[[0;32m  OK  [0m] Created slice system-getty.slice.
[[0;32m  OK  [0m] Started Raise network interfaces.
[[0;32m  OK  [0m] Reached target Network.
         Starting Initial cloud-init job (metadata service crawler)...
[   12.999790] cloud-init[956]: Cloud-init v. 18.4-0ubuntu1~16.04.2 running 'init' at Mon, 26 Nov 2018 19:30:34 +0000. Up 12.51 seconds.
[   13.048489] cloud-init[956]: ci-info: ++++++++++++++++++++++++++++++++++++++Net device info+++++++++++++++++++++++++++++++++++++++
[[0;32m  OK  [0m[   13.088505] cloud-init[956]: ci-info: +--------+-------+----------------------------+---------------+--------+-------------------+
[   13.088611] cloud-init[956]: ci-info: | Device |   Up  |          Address           |      Mask     | Scope  |     Hw-Address    |
[   13.088702] cloud-init[956]: ci-info: +--------+-------+----------------------------+---------------+--------+-------------------+
[   13.088791] cloud-init[956]: ci-info: | enp0s3 |  True |         10.0.2.15          | 255.255.255.0 | global | 02:48:37:b8:a5:68 |
[   13.088878] cloud-init[956]: ci-info: | enp0s3 |  True | fe80::48:37ff:feb8:a568/64 |       .       |  link  | 02:48:37:b8:a5:68 |
[   13.088964] cloud-init[956]: ci-info: | enp0s8 | False |             .              |       .       |   .    | 08:00:27:28:07:71 |
[   13.089057] cloud-init[956]: ci-info: |   lo   |  True |         127.0.0.1          |   255.0.0.0   |  host  |         .         |
[   13.089144] cloud-init[956]: ci-info: |   lo   |  True |          ::1/128           |       .       |  host  |         .         |
[   13.089229] cloud-init[956]: ci-info: +--------+-------+----------------------------+---------------+--------+-------------------+
[   13.090196] cloud-init[956]: ci-info: +++++++++++++++++++++++++++Route IPv4 info++++++++++++++++++++++++++++
[   13.090288] cloud-init[956]: ci-info: +-------+-------------+----------+---------------+-----------+-------+
[   13.090369] cloud-init[956]: ci-info: | Route | Destination | Gateway  |    Genmask    | Interface | Flags |
[   13.090449] cloud-init[956]: ci-info: +-------+-------------+----------+---------------+-----------+-------+
[   13.090527] cloud-init[956]: ci-info: |   0   |   0.0.0.0   | 10.0.2.2 |    0.0.0.0    |   enp0s3  |   UG  |
[   13.090603] cloud-init[956]: ci-info: |   1   |   10.0.2.0  | 0.0.0.0  | 255.255.255.0 |   enp0s3  |   U   |
[   13.090680] cloud-init[956]: ci-info: +-------+-------------+----------+---------------+-----------+-------+
[   13.090755] cloud-init[956]: ci-info: +++++++++++++++++++Route IPv6 info+++++++++++++++++++
[   13.090834] cloud-init[956]: ci-info: +-------+-------------+---------+-----------+-------+
[   13.090912] cloud-init[956]: ci-info: | Route | Destination | Gateway | Interface | Flags |
[   13.090990] cloud-init[956]: ci-info: +-------+-------------+---------+-----------+-------+
[   13.091065] cloud-init[956]: ci-info: |   0   |  fe80::/64  |    ::   |   enp0s3  |   U   |
[   13.091167] cloud-init[956]: ci-info: |   3   |   ff00::/8  |    ::   |   enp0s3  |   U   |
[   13.091823] cloud-init[956]: ci-info: +-------+-------------+---------+-----------+-------+
[   13.091922] cloud-init[956]: Generating public/private rsa key pair.
[   13.092042] cloud-init[956]: Your identification has been saved in /etc/ssh/ssh_host_rsa_key.
[   13.092120] cloud-init[956]: Your public key has been saved in /etc/ssh/ssh_host_rsa_key.pub.
[   13.092197] cloud-init[956]: The key fingerprint is:
[   13.092271] cloud-init[956]: SHA256:ROaN6+Bn1smR7l3nETd97j5OFd4gMvHCHF2Y88Lyk7w root@ubuntu-xenial
[   13.092343] cloud-init[956]: The key's randomart image is:
[   13.092414] cloud-init[956]: +---[RSA 2048]----+
] Started Initial cloud-init job (metadata service crawler).
[   13.092485] cloud-init[956]: |        o o. +.  |
[[0;32m  OK  [0m] Reached target Network is Online.
[   13.487151] cloud-init         Starting iSCSI initiator daemon (iscsid)...
[[0;32m  OK  [0m] Reached target Cloud-config availability.
[[0;32m  OK  [0m] Reached target System Initialization.
[[0;32m  OK  [0m] Listening on UUID daemon activation socket.
[[0;32m  OK  [0m] Listening on D-Bus System Message Bus Socket.
         Starting Socket activation for snappy daemon.
[[0;32m  OK  [0m] Listening on ACPID Listen Socket.
[956]: |       + = +=    |
[   13.506986] cloud-init[956]: |        + B.oo.. |
[   13.509370] cloud-init[956]: |       . ..=o.o.+|
[   13.512512] cloud-init[956]: |      . S o+ o +*|
[   13.515430] cloud-init[956]: |     . o + o=  .*|
[[0;32m  OK  [0m] Started Daily apt download activities.
[   13.522370] cloud-init[956]: |      . = =  o.oo|
[   13.550670]          Starting LXD - unix socket.
cloud-init[956]: |       + . .E..=.|
[[0;32m  OK  [0m] Started ACPI Events Check.
[   13.571848] cloud-init[956]: |          . . .o=|
[[0;32m  OK  [0m[   13.604441] cloud-init[956]: +----[SHA256]-----+
[   13.604487] cloud-init[956]: Generating public/private dsa key pair.
[   13.604521] cloud-init[956]: Your identification has been saved in /etc/ssh/ssh_host_dsa_key.
[   13.604554] cloud-init[956]: Your public key has been saved in /etc/ssh/ssh_host_dsa_key.pub.
[   13.604586] cloud-init[956]: The key fingerprint is:
[   13.604625] cloud-init[956]: SHA256:JAnTOM6kXcMp05l8PKb9mYHMTCncLDf0t5h+g8mdIH4 root@ubuntu-xenial
[   13.604662] cloud-init[956]: The key's randomart image is:
[   13.604693] cloud-init[956]: +---[DSA 1024]----+
[   13.604723] cloud-init[956]: |    oB O..       |
[   13.604755] cloud-init[956]: |    *o#.%.       |
[   13.604785] cloud-init[956]: |   * =o#.+. .    |
[   13.604815] cloud-init[956]: |  . + .o* .+ .   |
[   13.604848] cloud-init[956]: |        S.++.    |
[   13.604878] cloud-init[956]: |       . ++= .   |
[   13.604909] cloud-init[956]: |        . E =    |
[   13.604980] cloud-init[956]: |         . . .   |
[   13.605018] cloud-init[956]: |                 |
[   13.605050] cloud-init[956]: +----[SHA256]-----+
[   13.605080] cloud-init[956]: Generating public/private ecdsa key pair.
[   13.605111] cloud-init[956]: Your identification has been saved in /etc/ssh/ssh_host_ecdsa_key.
[   13.605142] cloud-init[956]: Your public key has been saved in /etc/ssh/ssh_host_ecdsa_key.pub.
[   13.605172] cloud-init[956]: The key fingerprint is:
[   13.605203] cloud-init[956]: SHA256:1DaazVA1Ej+lPqrrrqekFsHJPdU9rkbBOw8kK/jKpb0 root@ubuntu-xenial
[   13.605237] cloud-init[956]: The key's randomart image is:
[   13.605267] cloud-init[956]: +---[ECDSA 256]---+
[   13.605298] cloud-init[956]: |         o++o .  |
[   13.605328] cloud-init[956]: |        oo=oo+   |
[   13.605359] cloud-init[956]: |   o + .o++++.   |
[   13.605389] cloud-init[956]: |    * +..B=o..   |
[   13.605418] cloud-init[956]: |     o oS.o=o    |
[   13.605449] cloud-init[956]: |    . o   o...   |
[   13.605480] cloud-init[956]: |   . *.  ..      |
[   13.605509] cloud-init[956]: |    =o. ..       |
[   13.605540] cloud-init[956]: |   .. EB=.       |
[   13.605569] cloud-init[956]: +----[SHA256]-----+
[   13.605602] cloud-init[956]: Generating public/private ed25519 key pair.
[   13.605632] cloud-init[956]: Your identification has been saved in /etc/ssh/ssh_host_ed25519_key.
[   13.605662] cloud-init[956]: Your public key has been saved in /etc/ssh/ssh_host_ed25519_key.pub.
[   13.605693] cloud-init[956]: The key fingerprint is:
[   13.605722] cloud-init[956]: SHA256:UUz3mywVdVzcccztpGxokKbZxSd76cSHUNzQAW4OjhI root@ubuntu-xenial
[   13.605753] cloud-init[956]: The key's randomart image is:
[   13.605782] cloud-init[956]: +--[ED25519 256]--+
[   13.605812] cloud-init[956]: |         ooo.+=%@|
[   13.605843] cloud-init[956]: |         .=.*.o.&|
[   13.606152] cloud-init[956]: |       E.= + @o* |
[   13.606202] cloud-init[956]: |        +.+ BoXoo|
[   13.606235] cloud-init[956]: |       .S. o.*+. |
[   13.606265] cloud-init[956]: |        .    ..  |
[   13.606295] cloud-init[956]: |                 |
[   13.606342] cloud-init[956]: |                 |
[   13.606433] cloud-init[956]: |                 |
[   13.606472] cloud-init[956]: +----[SHA256]-----+
] Reached target Paths.
[[0;32m  OK  [0m] Started Daily apt upgrade and clean activities.
[[0;32m  OK  [0m] Started Daily Cleanup of Temporary Directories.
[[0;32m  OK  [0m] Reached target Timers.
[[0;32m  OK  [0m] Listening on Socket activation for snappy daemon.
[[0;32m  OK  [0m] Listening on LXD - unix socket.
[[0;32m  OK  [0m] Started iSCSI initiator daemon (iscsid).
         Starting Login to default iSCSI targets...
[[0;32m  OK  [0m] Reached target Sockets.
[[0;32m  OK  [0m] Reached target Basic System.
         Starting LSB: MD monitoring daemon...
[[0;32m  OK  [0m] Started D-Bus System Message Bus.
[[0;32m  OK  [0m] Started Unattended Upgrades Shutdown.
         Starting Pollinate to seed the pseudo random number generator...
[[0;32m  OK  [0m] Started ACPI event daemon.
[[0;32m  OK  [0m] Started FUSE filesystem for LXC.
         Starting Virtualbox guest utils...
         Starting Accounts Service...
[[0;32m  OK  [0m] Started Regular background program processing daemon.
         Starting System Logging Service...
         Starting Login Service...
         Starting /etc/rc.local Compatibility...
         Starting LXD - container startup/shutdown...
         Starting LSB: Record successful boot for GRUB...
[[0;32m  OK  [0m] Started Deferred execution scheduler.
         Starting Snappy daemon...
[[0;32m  OK  [0m] Started System Logging Service.
[[0;32m  OK  [0m] Started /etc/rc.local Compatibility.
[[0;32m  OK  [0m] Started Login to default iSCSI targets.
[[0;32m  OK  [0m] Started LSB: MD monitoring daemon.
[[0;32m  OK  [0m] Started LXD - container startup/shutdown.
         Starting Authenticate and Authorize Users to Run Privileged Tasks...
[[0;32m  OK  [0m] Reached target Remote File Systems (Pre).
[[0;32m  OK  [0m] Reached target Remote File Systems.
         Starting Permit User Sessions...
         Starting LSB: Set the CPU Frequency Scaling governor to "ondemand"...
         Starting LSB: daemon to balance interrupts for SMP systems...
         Starting LSB: automatic crash report generation...
[[0;32m  OK  [0m] Started LSB: Record successful boot for GRUB.
[[0;32m  OK  [0m] Started Permit User Sessions.
[[0;32m  OK  [0m] Started Login Service.
[[0;32m  OK  [0m] Started Virtualbox guest utils.
[[0;32m  OK  [0m] Started Authenticate and Authorize Users to Run Privileged Tasks.
[[0;32m  OK  [0m] Started Accounts Service.
         Starting Terminate Plymouth Boot Screen...
         Starting Hold until boot process finishes up...
[[0;32m  OK  [0m] Started LSB: Set the CPU Frequency Scaling governor to "ondemand".
[[0;32m  OK  [0m] Started LSB: automatic crash report generation.
[[0;32m  OK  [0m] Started Terminate Plymouth Boot Screen.
[[0;32m  OK  [0m] Started LSB: daemon to balance interrupts for SMP systems.
[[0;32m  OK  [0m] Started Hold until boot process finishes up.
[[0;32m  OK  [0m] Started Snappy daemon.
         Starting Wait until snapd is fully seeded...
[[0;32m  OK  [0m] Started Serial Getty on ttyS0.
         Starting Set console scheme...
[[0;32m  OK  [0m] Started Getty on tty1.
[[0;32m  OK  [0m] Reached target Login Prompts.
[[0;32m  OK  [0m] Started Pollinate to seed the pseudo random number generator.
[[0;32m  OK  [0m] Started Set console scheme.
         Starting OpenBSD Secure Shell server...
[[0;32m  OK  [0m] Started OpenBSD Secure Shell server.
[[0;32m  OK  [0m] Started Wait until snapd is fully seeded.
         Starting Apply the settings specified in cloud-config...
[[0;32m  OK  [0m] Reached target Multi-User System.
[[0;32m  OK  [0m] Reached target Graphical Interface.
         Starting Update UTMP about System Runlevel Changes...
[[0;32m  OK  [0m] Started Update UTMP about System Runlevel Changes.
[   17.045729] cloud-init[1297]: Generating locales (this might take a while)...
[   17.807743] cloud-init[1297]:   en_US.UTF-8... done
[   17.810986] cloud-init[1297]: Generation complete.
[[0;32m  OK  [0m] Created slice User Slice of vagrant.
         Starting User Manager for UID 1000...
[[0;32m  OK  [0m] Started Session 1 of user vagrant.
[[0;32m  OK  [0m] Started User Manager for UID 1000.
[   18.397349] cloud-init[1297]: Cloud-init v. 18.4-0ubuntu1~16.04.2 running 'modules:config' at Mon, 26 Nov 2018 19:30:38 +0000. Up 16.94 seconds.
[[0;32m  OK  [0m] Started Apply the settings specified in cloud-config.
         Starting Execute cloud user/final scripts...
ci-info: no authorized ssh keys fingerprints found for user ubuntu.
<14>Nov 26 19:30:41 ec2: 
<14>Nov 26 19:30:41 ec2: #############################################################
<14>Nov 26 19:30:41 ec2: -----BEGIN SSH HOST KEY FINGERPRINTS-----
<14>Nov 26 19:30:41 ec2: 1024 SHA256:JAnTOM6kXcMp05l8PKb9mYHMTCncLDf0t5h+g8mdIH4 root@ubuntu-xenial (DSA)
<14>Nov 26 19:30:41 ec2: 256 SHA256:1DaazVA1Ej+lPqrrrqekFsHJPdU9rkbBOw8kK/jKpb0 root@ubuntu-xenial (ECDSA)
<14>Nov 26 19:30:41 ec2: 256 SHA256:UUz3mywVdVzcccztpGxokKbZxSd76cSHUNzQAW4OjhI root@ubuntu-xenial (ED25519)
<14>Nov 26 19:30:41 ec2: 2048 SHA256:ROaN6+Bn1smR7l3nETd97j5OFd4gMvHCHF2Y88Lyk7w root@ubuntu-xenial (RSA)
<14>Nov 26 19:30:41 ec2: -----END SSH HOST KEY FINGERPRINTS-----
<14>Nov 26 19:30:41 ec2: #############################################################
-----BEGIN SSH HOST KEY KEYS-----
ecdsa-sha2-nistp256 AAAAE2VjZHNhLXNoYTItbmlzdHAyNTYAAAAIbmlzdHAyNTYAAABBBCwUToGlyRqA0qdQ3LlPzExJrWW3XCwDcRDkTMqvj/9fhb2XkqKp40jm3p+/27TtUdMOWmJzgAmL/xctAqkHT14= root@ubuntu-xenial
ssh-ed25519 AAAAC3NzaC1lZDI1NTE5AAAAIMNkKQDIhT7aPSQ8bww7mEJl5Bf0q/GmxNredp8jimYv root@ubuntu-xenial
ssh-rsa AAAAB3NzaC1yc2EAAAADAQABAAABAQDAZjzubHKMP2QCpOO9Ycsd+/OpcTgePHU9yIhTCysokjI2S8wWQnx8vPzGwxZPL2MhEz3iiZzBXHslhMlOotRqBlUjOgPKMrSAXyKVaeg0sDzznnQrQhYdix9gEZOyia99UgzNosC4pOT33buUpnFhescqmFQbKe6V8hAVLHK/AF4CcLkEZeS3fl1D7UEsheY6QAQILSod48YkK+TrsIGrtG554B7ZSSVNEDuufuCZMFU/Yp5YLV269no13G4piQ29JzpU797isbIDi5CN0vmRrbwAFopBOW6lozNQZV1l3U8jaXC+jm1sLG+J2NDtQdOlM/PwpzKYpgVtvfyZb+UV root@ubuntu-xenial
-----END SSH HOST KEY KEYS-----
[   19.904401] cloud-init[1400]: Cloud-init v. 18.4-0ubuntu1~16.04.2 running 'modules:final' at Mon, 26 Nov 2018 19:30:41 +0000. Up 19.25 seconds.
[   19.932515] cloud-init[1400]: ci-info: no authorized ssh keys fingerprints found for user ubuntu.
[   19.968566] cloud-init[1400]: Cloud-init v. 18.4-0ubuntu1~16.04.2 finished at Mon, 26 Nov 2018 19:30:41 +0000. Datasource DataSourceNoCloud [seed=/dev/sdb][dsmode=net].  Up 19.89 seconds
[[0;32m  OK  [0m] Started Execute cloud user/final scripts.
[[0;32m  OK  [0m] Reached target Cloud-init target.

Ubuntu 16.04.5 LTS ubuntu-xenial ttyS0

ubuntu-xenial login: 